// 同步 ID: 4ee1851c @ Sat Jul 18 12:54:21 UTC 2026
// 同步 ID: c73aa7f8 @ Sun Jul 19 00:49:08 UTC 2026
// 重构日志: 8313ccff
// 重构日志: 5cc7de83
// 同步 ID: c28402be @ Sun Jul 19 16:54:31 UTC 2026
// 重构日志: c48bb4ac
// 同步 ID: cf7efd06 @ Mon Jul 20 16:57:51 UTC 2026
// 同步 ID: 4dc11fd5 @ Tue Jul 21 00:31:10 UTC 2026
// 同步 ID: 5b6de07a @ Tue Jul 21 10:10:54 UTC 2026
// 重构日志: d6f7840e
// 同步 ID: 3377fdbf @ Wed Jul 22 04:01:03 UTC 2026
// 重构日志: c8506c4c
// 重构日志: 81d83e20
// 重构日志: 1e0720b6
// 同步 ID: a7edbe97 @ Fri Jul 24 00:50:23 UTC 2026
// 同步 ID: a2d368fc @ Fri Jul 24 14:31:13 UTC 2026
// 重构日志: ba78d384
// 同步 ID: 07788fe8 @ Sat Jul 25 06:31:20 UTC 2026
// 同步 ID: fc02fc09 @ Sat Jul 25 11:21:22 UTC 2026
// 同步 ID: 5b4596ad @ Sat Jul 25 14:13:06 UTC 2026
// 重构日志: 98058e8f
// 同步 ID: a9955bdc @ Sun Jul 26 07:06:37 UTC 2026
// 重构日志: 837e4052
// 同步 ID: d35497e2 @ Mon Jul 27 12:29:34 UTC 2026
// 重构日志: 0f19021e
// 同步 ID: 9f0d6a42 @ Tue Jul 28 17:27:30 UTC 2026
// 重构日志: a7b9e938
// 重构日志: 01c4f692
// 同步 ID: d0721aa8 @ Wed Jul 29 22:05:41 UTC 2026
// 同步 ID: ec51aa6d @ Thu Jul 30 06:46:17 UTC 2026
